{
    "kraken": {
        "content": [
            "SRR11140744.kraken2.report.txt:md5,8af6d6b36473056da22d0a01e65a468a",
            "SRR11140746.kraken2.report.txt:md5,f0f4463333187c4d5d14b16f1cafc999",
            "SRR11140748.kraken2.report.txt:md5,dcb606266fa1e1b47b4ef5d275159490",
            "SRR11140750.kraken2.report.txt:md5,980edcdd341cbd5ae3bcaff214d8eb5d"
        ],
        "timestamp": "2023-04-07T08:34:36+0000"
    },
    "unicycler": {
        "content": [
            "SRR11140744.abacas.MULTIFASTA.fa:md5,c2527479da458eba5c2d583db729a8d3",
            "SRR11140746.abacas.MULTIFASTA.fa:md5,5b1cf53cd4a03e49e519034c443159d4",
            "SRR11140748.abacas.MULTIFASTA.fa:md5,30bc96a11ab07c22a673ef9a0f1274e2",
            "SRR11140750.abacas.MULTIFASTA.fa:md5,c83df4475455d1a508ef0b90d1c71e3a",
            [
                "SRR11140744.blastn.txt:md5,532392e40ae6a537cb5bcd967a890979",
                "SRR11140744.filter.blastn.txt:md5,456a3d915c23214b5d0ae331e65e6034",
                "SRR11140746.blastn.txt:md5,dc22cd9d9dc563e493f97f52a0368b2b",
                "SRR11140746.filter.blastn.txt:md5,a6eeb0c0c981ecfbd88f9428f8e58860",
                "SRR11140748.blastn.txt:md5,3045082fb7ceb5f83b3956ad5571541e",
                "SRR11140748.filter.blastn.txt:md5,e692a55f6af237e7d61974573a38c4a8",
                "SRR11140750.blastn.txt:md5,8825ba9169e95082589683998ff9d80a",
                "SRR11140750.filter.blastn.txt:md5,02c0b70db8710d6853c2f51d9c1c9673"
            ]
        ],
        "timestamp": "2023-04-07T08:34:36+0000"
    },
    "variants_bowtie2": {
        "content": [
            "SRR11140744.bowtie2.log:md5,9a1130e952fee63fc55693e8f7bd8e68",
            "SRR11140746.bowtie2.log:md5,0198cb871169eeaf98649c2e9e150b39",
            "SRR11140748.bowtie2.log:md5,2544f6945a64020985706a9af72dab4f",
            "SRR11140750.bowtie2.log:md5,e885492960cf52936980d59732e9d42b"
        ],
        "timestamp": "2023-04-07T08:34:36+0000"
    },
    "software_versions": {
        "content": [
            "software_versions.yml:md5,340d2994402b539b122834de75152f21"
        ],
        "timestamp": "2023-04-07T08:34:36+0000"
    },
    "variants_bcftools": {
        "content": [
            "variants_long_table.csv:md5,b53ccb8335510f699466a60e0b01ce2a"
        ],
        "timestamp": "2023-04-07T08:34:36+0000"
    },
    "spades": {
        "content": [
            "SRR11140744.abacas.MULTIFASTA.fa:md5,b5ad499d56e9ad356d14f896d7e5dab3",
            "SRR11140746.abacas.MULTIFASTA.fa:md5,661b6ad9242e5bb30a0d017ed6c7f479",
            "SRR11140748.abacas.MULTIFASTA.fa:md5,6c2cc81b42da54e9899416e693b84705",
            "SRR11140750.abacas.MULTIFASTA.fa:md5,9ee5e1f3388ed97664f4a66cc1e0d2fd",
            [
                "SRR11140744.blastn.txt:md5,be34cfc8975d53ac5a3a20db79ae08d9",
                "SRR11140744.filter.blastn.txt:md5,f5fc88fadafa4846e16807ca19db9530",
                "SRR11140746.blastn.txt:md5,b0cbb5828a35d551c4dc09bb523638fb",
                "SRR11140746.filter.blastn.txt:md5,49e551237c07e8f3dcfe90443466cc47",
                "SRR11140748.blastn.txt:md5,884dd45fd7b787bb11e2a991f6e23e37",
                "SRR11140748.filter.blastn.txt:md5,1a5c6ba6774bf02c3695a5220e7bba2e",
                "SRR11140750.blastn.txt:md5,a63b9f8213d35d2b7a4b7f95f2df0080",
                "SRR11140750.filter.blastn.txt:md5,0465e84582fb13391281563430fd6cb5"
            ]
        ],
        "timestamp": "2023-04-07T08:34:36+0000"
    },
    "multiqc": {
        "content": [
            "summary_assembly_metrics_mqc.csv:md5,456fe9459d7016345d4ea63703085b46",
            "summary_variants_metrics_mqc.csv:md5,b520d8e8e03d715c0d135c132c06b9f0",
            "samplesheet.valid.csv:md5,e3117ad44c61c67d6f45f1e0bef21534"
        ],
        "timestamp": "2023-04-07T08:34:36+0000"
    }
}